// Jest Snapshot v1, https://goo.gl/fbAQLP

exports[`Quote page renders correctly 1`] = `
<div
  className="container p-5"
>
  <h2
    className="quote-margin"
  >
    "Pure mathematics is, in its way, the poetry of logical ideas"
  </h2>
  <p
    className="text-center"
  >
    <strong>
      Albert Einstein, German theoretical physicist
    </strong>
  </p>
</div>
`;
